Microchip Technology Inc, v1.26 (A)

Tool Name:
  c:\program files (x86)\microchip\xc16\v1.26\bin\bin\..\bin/coff-ld.exe

Command:
  -p24FJ256GA110 \
  -o \
  dist/XC16/production/Copper2v1-new_lib_build.production.cof \
  -Lc:/program files (x86)/microchip/xc16/v1.26/bin/bin/.. \
  -Lc:/program files (x86)/microchip/xc16/v1.26/bin/bin/../../lib \
  -Lc:/program files (x86)/microchip/xc16/v1.26/bin/bin/../../lib/PIC24E \
  -Lc:/program files (x86)/microchip/xc16/v1.26/bin/bin/../../support/PIC24E/gld \
  -Lc:/program files (x86)/microchip/xc16/v1.26/bin/bin/../../lib/PIC24F \
  -Lc:/program files (x86)/microchip/xc16/v1.26/bin/bin/../../support/PIC24F/gld \
  -Lc:/program files (x86)/microchip/xc16/v1.26/bin/bin/../../lib/PIC24H \
  -Lc:/program files (x86)/microchip/xc16/v1.26/bin/bin/../../support/PIC24H/gld \
  -Lc:/program files (x86)/microchip/xc16/v1.26/bin/bin/../../lib/dsPIC30F \
  -Lc:/program files (x86)/microchip/xc16/v1.26/bin/bin/../../support/dsPIC30F/gld \
  -Lc:/program files (x86)/microchip/xc16/v1.26/bin/bin/../../lib/dsPIC33E \
  -Lc:/program files (x86)/microchip/xc16/v1.26/bin/bin/../../support/dsPIC33E/gld \
  -Lc:/program files (x86)/microchip/xc16/v1.26/bin/bin/../../lib/dsPIC33F \
  -Lc:/program files (x86)/microchip/xc16/v1.26/bin/bin/../../support/dsPIC33F/gld \
  build/XC16/production/_ext/1443471778/csk_led.o \
  build/XC16/production/_ext/1443471778/csk_mhx.o \
  build/XC16/production/_ext/1443471778/csk_power.o \
  build/XC16/production/_ext/1443471778/csk_rand.o \
  build/XC16/production/_ext/1443471778/csk_sd.o \
  build/XC16/production/_ext/1443471778/csk_usb.o \
  build/XC16/production/_ext/1443471778/csk_wdt.o \
  build/XC16/production/_ext/1443471778/effs_thin_mmc_drv_spi1.o \
  build/XC16/production/_ext/1443471778/csk_io.o \
  build/XC16/production/_ext/1939458138/pic24_uart1.o \
  build/XC16/production/_ext/1939458138/pic24_uart1_msg.o \
  build/XC16/production/_ext/1939458138/pic24_uart1_msg_ts.o \
  build/XC16/production/_ext/1939458138/pic24_uart2.o \
  build/XC16/production/_ext/1939458138/pic24_uart2_msg.o \
  build/XC16/production/_ext/1939458138/pic24_uart2_msg_ts.o \
  build/XC16/production/_ext/1939458138/pic24_uart3.o \
  build/XC16/production/_ext/1939458138/pic24_uart3_msg.o \
  build/XC16/production/_ext/1939458138/pic24_uart3_msg_ts.o \
  build/XC16/production/_ext/1939458138/pic24_uart4.o \
  build/XC16/production/_ext/1939458138/pic24_uart4_msg.o \
  build/XC16/production/_ext/1939458138/pic24_uart4_msg_ts.o \
  build/XC16/production/ProjectSources/main.o \
  build/XC16/production/ProjectSources/debug_functions.o \
  build/XC16/production/ProjectSources/messagequeues.o \
  build/XC16/production/ProjectSources/task_beacon.o \
  build/XC16/production/ProjectSources/task_radio_listen.o \
  build/XC16/production/ProjectSources/task_scheduler.o \
  build/XC16/production/ProjectSources/task_test.o \
  build/XC16/production/ProjectSources/init.o \
  build/XC16/production/ProjectSources/task_radio_talk.o \
  build/XC16/production/_ext/307288224/salvoportmcc30-lm.o \
  build/XC16/production/_ext/1458030235/salvomem.o \
  ..\..\..\..\Pumpkin\Salvo\Lib\MCC30-v3\libsalvolmcc30lit.a \
  --defsym=__MPLAB_BUILD=1 \
  -Tp24FJ256GA110.gld.00 \
  --heap=0 \
  --check-sections \
  --data-init \
  --pack-data \
  --handles \
  --isr \
  --no-gc-sections \
  --fill-upper=0 \
  --stackguard=16 \
  --no-force-link \
  --smart-io \
  -Map=dist/XC16/production/Copper2v1-new_lib_build.production.map \
  -start-group \
  --library=lega-pic30-coff \
  --library=m-coff \
  --library=lega-c-coff \
  -end-group \

Archive member included because of file (symbol)

..\..\..\..\Pumpkin\Salvo\Lib\MCC30-v3\libsalvolmcc30lit.a(salvotick.o)
                              build/XC16/production/_ext/1939458138/pic24_uart1_msg_ts.o (OSGetTicks)
..\..\..\..\Pumpkin\Salvo\Lib\MCC30-v3\libsalvolmcc30lit.a(salvoinit.o)
                              build/XC16/production/ProjectSources/main.o (OSInit)
..\..\..\..\Pumpkin\Salvo\Lib\MCC30-v3\libsalvolmcc30lit.a(salvoinit2.o)
                              build/XC16/production/ProjectSources/main.o (OSCreateTask)
..\..\..\..\Pumpkin\Salvo\Lib\MCC30-v3\libsalvolmcc30lit.a(salvosched.o)
                              build/XC16/production/ProjectSources/main.o (OSSched)
..\..\..\..\Pumpkin\Salvo\Lib\MCC30-v3\libsalvolmcc30lit.a(salvodelay.o)
                              build/XC16/production/ProjectSources/task_beacon.o (OSDelay)
..\..\..\..\Pumpkin\Salvo\Lib\MCC30-v3\libsalvolmcc30lit.a(salvobinsem.o)
                              build/XC16/production/ProjectSources/task_radio_listen.o (OSWaitBinSem)
..\..\..\..\Pumpkin\Salvo\Lib\MCC30-v3\libsalvolmcc30lit.a(salvotimer.o)
                              build/XC16/production/ProjectSources/init.o (OSTimer)
..\..\..\..\Pumpkin\Salvo\Lib\MCC30-v3\libsalvolmcc30lit.a(salvohook_interrupt.o)
                              ..\..\..\..\Pumpkin\Salvo\Lib\MCC30-v3\libsalvolmcc30lit.a(salvotick.o) (OSDisableHook)
[...]
Memory Configuration

Name             Origin             Length             Attributes
data             0x000800           0x004000           a !xr
reset            0x000000           0x000004  
ivt              0x000004           0x0000fc  
_reserved        0x000100           0x000004  
aivt             0x000104           0x0000fc  
program          0x000200           0x02a9f8           xr
CONFIG3          0x02abfa           0x000002  
CONFIG2          0x02abfc           0x000002  
CONFIG1          0x02abfe           0x000002  
*default*        0x000000           0xffffffff  

Linker script and memory map

LOAD build/XC16/production/_ext/1443471778/csk_led.o
LOAD build/XC16/production/_ext/1443471778/csk_mhx.o
LOAD build/XC16/production/_ext/1443471778/csk_power.o
LOAD build/XC16/production/_ext/1443471778/csk_rand.o
LOAD build/XC16/production/_ext/1443471778/csk_sd.o
LOAD build/XC16/production/_ext/1443471778/csk_usb.o
LOAD build/XC16/production/_ext/1443471778/csk_wdt.o
LOAD build/XC16/production/_ext/1443471778/effs_thin_mmc_drv_spi1.o
LOAD build/XC16/production/_ext/1443471778/csk_io.o
LOAD build/XC16/production/_ext/1939458138/pic24_uart1.o
LOAD build/XC16/production/_ext/1939458138/pic24_uart1_msg.o
LOAD build/XC16/production/_ext/1939458138/pic24_uart1_msg_ts.o
LOAD build/XC16/production/_ext/1939458138/pic24_uart2.o
LOAD build/XC16/production/_ext/1939458138/pic24_uart2_msg.o
LOAD build/XC16/production/_ext/1939458138/pic24_uart2_msg_ts.o
LOAD build/XC16/production/_ext/1939458138/pic24_uart3.o
LOAD build/XC16/production/_ext/1939458138/pic24_uart3_msg.o
LOAD build/XC16/production/_ext/1939458138/pic24_uart3_msg_ts.o
LOAD build/XC16/production/_ext/1939458138/pic24_uart4.o
LOAD build/XC16/production/_ext/1939458138/pic24_uart4_msg.o
LOAD build/XC16/production/_ext/1939458138/pic24_uart4_msg_ts.o
LOAD build/XC16/production/ProjectSources/main.o
LOAD build/XC16/production/ProjectSources/debug_functions.o
LOAD build/XC16/production/ProjectSources/messagequeues.o
LOAD build/XC16/production/ProjectSources/task_beacon.o
LOAD build/XC16/production/ProjectSources/task_radio_listen.o
LOAD build/XC16/production/ProjectSources/task_scheduler.o
LOAD build/XC16/production/ProjectSources/task_test.o
LOAD build/XC16/production/ProjectSources/init.o
LOAD build/XC16/production/ProjectSources/task_radio_talk.o
LOAD build/XC16/production/_ext/307288224/salvoportmcc30-lm.o
LOAD build/XC16/production/_ext/1458030235/salvomem.o
LOAD ..\..\..\..\Pumpkin\Salvo\Lib\MCC30-v3\libsalvolmcc30lit.a
                    0x0001                  __MPLAB_BUILD = 0x1
LOAD c:/program files (x86)/microchip/xc16/v1.26/bin/bin/../../lib/PIC24F\libpPIC24Fxxx-coff.a
LOAD c:/program files (x86)/microchip/xc16/v1.26/bin/bin/../../lib\libfx-coff.a
                    0x2abfa                  __CONFIG3 = 0x2abfa
                    0x2abfc                  __CONFIG2 = 0x2abfc
                    0x2abfe                  __CONFIG1 = 0x2abfe
                    0x0200                  __CODE_BASE = 0x200
                    0x2a9f8                  __CODE_LENGTH = 0x2a9f8
                    0x0004                  __IVT_BASE = 0x4
                    0x0104                  __AIVT_BASE = 0x104
                    0x0800                  __DATA_BASE = 0x800
                    0x4000                  __DATA_LENGTH = 0x4000

.reset            0x000000          0x4
                  0x000000          0x2 SHORT 0x200 ABSOLUTE (__reset)
                  0x000001          0x2 SHORT 0x4
                  0x000002          0x2 SHORT 0x0 ((ABSOLUTE (__reset) >> 0x10) & 0x7f)
                  0x000003          0x2 SHORT 0x0

.text             0x000200       0x2126
 *(.init)
 .init            0x000200         0x3c c:/program files (x86)/microchip/xc16/v1.26/bin/bin/../../lib\liblega-pic30-coff.a(crt0_standard.o)
                  0x000200                  _resetPRI
                  0x000200                  _reset
                  0x00022c                  _psv_init
 .init            0x00023c         0x6c c:/program files (x86)/microchip/xc16/v1.26/bin/bin/../../lib\liblega-pic30-coff.a(data_init_standard.o)
                  0x00023c                  _data_init_standard
                  0x00023c                  _data_init
 *(.user_init)
 *(.handle)
 .handle          0x0002a8         0x10 jump_table
 *(.isr*)
 .isr             0x0002b8          0x4 default_isr
                  0x0002b8                  _DefaultInterrupt
 *(.libc)
 .libc            0x0002bc          0xc c:/program files (x86)/microchip/xc16/v1.26/bin/bin/../../lib\liblega-c-coff.a(strlen.XXo)
                  0x0002bc                  strlen
 .libc            0x0002c8         0x2c c:/program files (x86)/microchip/xc16/v1.26/bin/bin/../../lib\liblega-c-coff.a(sprintf_cdnopuxX.XXo)
                  0x0002c8                  sprintf_cdnopuxX.XXo:_prout
                  0x0002d6                  _sprintf_cdnopuxX
 .libc            0x0002f4         0x28 c:/program files (x86)/microchip/xc16/v1.26/bin/bin/../../lib\liblega-c-coff.a(vsprintf.XXo)
                  0x0002f4                  vsprintf.XXo:_prout
                  0x000302                  vsprintf
 .libc            0x00031c          0xe c:/program files (x86)/microchip/xc16/v1.26/bin/bin/../../lib\liblega-c-coff.a(memcpy.XXo)
                  0x00031c                  memcpy
 .libc            0x00032a         0x2c c:/program files (x86)/microchip/xc16/v1.26/bin/bin/../../lib\liblega-c-coff.a(sprintf.XXo)
                  0x00032a                  sprintf.XXo:_prout
                  0x000338                  sprintf
 .libc            0x000356         0x34 c:/program files (x86)/microchip/xc16/v1.26/bin/bin/../../lib\liblega-c-coff.a(strtok.XXo)
                  0x000356                  strtok
 .libc            0x00038a        0x164 c:/program files (x86)/microchip/xc16/v1.26/bin/bin/../../lib\liblega-c-coff.a(xprintf_cdnopuxX.XXo)
                  0x00038a                  __Printf_cdnopuxX
 .libc            0x0004ee        0x164 c:/program files (x86)/microchip/xc16/v1.26/bin/bin/../../lib\liblega-c-coff.a(xprintf.XXo)
                  0x0004ee                  _Printf
 .libc            0x000652         0x20 c:/program files (x86)/microchip/xc16/v1.26/bin/bin/../../lib\liblega-c-coff.a(strspn.XXo)
                  0x000652                  strspn
 .libc            0x000672         0x22 c:/program files (x86)/microchip/xc16/v1.26/bin/bin/../../lib\liblega-c-coff.a(strcspn.XXo)
                  0x000672                  strcspn
 .libc            0x000694          0x4 c:/program files (x86)/microchip/xc16/v1.26/bin/bin/../../lib\liblega-c-coff.a(xvacopy.XXo)
                  0x000694                  _Vacopy
 .libc            0x000698         0x18 c:/program files (x86)/microchip/xc16/v1.26/bin/bin/../../lib\liblega-c-coff.a(strchr.XXo)
                  0x000698                  strchr
 .libc            0x0006b0        0x210 c:/program files (x86)/microchip/xc16/v1.26/bin/bin/../../lib\liblega-c-coff.a(xputfld_cdnopuxX.XXo)
                  0x0006b0                  __Putfld_cdnopuxX
 .libc            0x0008c0        0x178 c:/program files (x86)/microchip/xc16/v1.26/bin/bin/../../lib\liblega-c-coff.a(xputtxt.XXo)
                  0x0008c0                  _Puttxt
 .libc            0x000a38        0x2ca c:/program files (x86)/microchip/xc16/v1.26/bin/bin/../../lib\liblega-c-coff.a(xputfld.XXo)
                  0x000a38                  _Putfld
 .libc            0x000d02        0x25e c:/program files (x86)/microchip/xc16/v1.26/bin/bin/../../lib\liblega-c-coff.a(xlitob.XXo)
                  0x000d02                  _Litob
 .libc            0x000f60        0x3f2 c:/program files (x86)/microchip/xc16/v1.26/bin/bin/../../lib\liblega-c-coff.a(xldtob.XXo)
                  0x000f60                  _Ldtob
 .libc            0x001352         0x14 c:/program files (x86)/microchip/xc16/v1.26/bin/bin/../../lib\liblega-c-coff.a(memchr.XXo)
                  0x001352                  memchr
 .libc            0x001366         0x54 c:/program files (x86)/microchip/xc16/v1.26/bin/bin/../../lib\liblega-c-coff.a(xldunsca.XXo)
                  0x001366                  _LDunscale
 .libc            0x0013ba         0xf6 c:/program files (x86)/microchip/xc16/v1.26/bin/bin/../../lib\liblega-c-coff.a(xldscale.XXo)
                  0x0013ba                  _LDscale
 .libc            0x0014b0         0x2a c:/program files (x86)/microchip/xc16/v1.26/bin/bin/../../lib\liblega-c-coff.a(ldiv.XXo)
                  0x0014b0                  ldiv
 .libc            0x0014da        0x264 c:/program files (x86)/microchip/xc16/v1.26/bin/bin/../../lib\liblega-c-coff.a(xgenld.XXo)
                  0x0014da                  _Genld
 .libc            0x00173e         0x98 c:/program files (x86)/microchip/xc16/v1.26/bin/bin/../../lib\liblega-c-coff.a(xdnorm.XXo)
                  0x00173e                  _Dnorm
 .libc            0x0017d6         0x16 c:/program files (x86)/microchip/xc16/v1.26/bin/bin/../../lib\liblega-c-coff.a(div.XXo)
                  0x0017d6                  div
 *(.libm)
 .libm            0x0017ec         0x3e c:/program files (x86)/microchip/xc16/v1.26/bin/bin/../../lib\libm-coff.a(extendsfdf.o)
                  0x0017ec                  __extendsfdf2
 .libm            0x00182a          0x6 c:/program files (x86)/microchip/xc16/v1.26/bin/bin/../../lib\libm-coff.a(umodsi3.o)
                  0x00182a                  __umodsi3
 .libm            0x001830         0x20 c:/program files (x86)/microchip/xc16/v1.26/bin/bin/../../lib\libm-coff.a(udivsi3.o)
                  0x001830                  __udivsi3
 .libm            0x001850         0x1e c:/program files (x86)/microchip/xc16/v1.26/bin/bin/../../lib\libm-coff.a(divsi3.o)
                  0x001850                  __divsi3
 .libm            0x00186e        0x1e8 c:/program files (x86)/microchip/xc16/v1.26/bin/bin/../../lib\libm-coff.a(divmoddi3.o)
                  0x0018ae                  __udivmoddi3
                  0x00193e                  __udivdi3
                  0x00194c                  __umoddi3
                  0x001954                  __divdi3
                  0x001982                  __moddi3
 .libm            0x001a56          0xa c:/program files (x86)/microchip/xc16/v1.26/bin/bin/../../lib\libm-coff.a(deqltle.o)
                  0x001a56                  __eqdf2
                  0x001a56                  __ltdf2
                  0x001a56                  __ledf2
 .libm            0x001a60         0x58 c:/program files (x86)/microchip/xc16/v1.26/bin/bin/../../lib\libm-coff.a(fixdfsi.o)
                  0x001a60                  __fixdfsi
 .libm            0x001ab8          0x6 c:/program files (x86)/microchip/xc16/v1.26/bin/bin/../../lib\libm-coff.a(floatsidf.o)
                  0x001ab8                  __floatsidf
 .libm            0x001abe          0x4 c:/program files (x86)/microchip/xc16/v1.26/bin/bin/../../lib\libm-coff.a(subdf3.o)
                  0x001abe                  __subdf3
 .libm            0x001ac2          0xa c:/program files (x86)/microchip/xc16/v1.26/bin/bin/../../lib\libm-coff.a(dgtge.o)
                  0x001ac2                  __gtdf2
                  0x001ac2                  __gedf2
 .libm            0x001acc         0xea c:/program files (x86)/microchip/xc16/v1.26/bin/bin/../../lib\libm-coff.a(muldf3.o)
                  0x001acc                  __muldf3
 .libm            0x001bb6         0xb4 c:/program files (x86)/microchip/xc16/v1.26/bin/bin/../../lib\libm-coff.a(divdf3.o)
                  0x001bb6                  __divdf3
 .libm            0x001c6a          0xc c:/program files (x86)/microchip/xc16/v1.26/bin/bin/../../lib\libm-coff.a(mulsi3.o)
                  0x001c6a                  __mulp32peds3
                  0x001c6a                  __mulsi3
                  0x001c6a                  __mulp32eds3
 .libm            0x001c76         0x2a c:/program files (x86)/microchip/xc16/v1.26/bin/bin/../../lib\libm-coff.a(funpack.o)
                  0x001c76                  _funpack
 .libm            0x001ca0         0x52 c:/program files (x86)/microchip/xc16/v1.26/bin/bin/../../lib\libm-coff.a(dcompare.o)
                  0x001ca0                  _dcompare
 .libm            0x001cf2         0x4e c:/program files (x86)/microchip/xc16/v1.26/bin/bin/../../lib\libm-coff.a(dunpack.o)
                  0x001cf2                  _dunpack
 .libm            0x001d40         0x32 c:/program files (x86)/microchip/xc16/v1.26/bin/bin/../../lib\libm-coff.a(dunpack2.o)
                  0x001d40                  _dunpack2
                  0x001d62                  _dreturnNaN
                  0x001d68                  _dunpack2exit
 .libm            0x001d72         0x20 c:/program files (x86)/microchip/xc16/v1.26/bin/bin/../../lib\libm-coff.a(floatdidf.o)
                  0x001d72                  __floatdidf
 .libm            0x001d92         0xfa c:/program files (x86)/microchip/xc16/v1.26/bin/bin/../../lib\libm-coff.a(adddf3.o)
                  0x001d92                  __adddf3
 .libm            0x001e8c         0x58 c:/program files (x86)/microchip/xc16/v1.26/bin/bin/../../lib\libm-coff.a(dpack.o)
                  0x001e8c                  _dpack
 .libm            0x001ee4         0x24 c:/program files (x86)/microchip/xc16/v1.26/bin/bin/../../lib\libm-coff.a(dtype.o)
                  0x001ee4                  _dtype
 .libm            0x001f08         0x1c c:/program files (x86)/microchip/xc16/v1.26/bin/bin/../../lib\libm-coff.a(dpropagateNaN.o)
                  0x001f08                  _dPropagateNaN
 .libm            0x001f24         0x56 c:/program files (x86)/microchip/xc16/v1.26/bin/bin/../../lib\libm-coff.a(floatundidf.o)
                  0x001f24                  __floatundidf
 *(.libdsp)
 *(.lib*)
 .libperi         0x001f7a         0x10 c:/program files (x86)/microchip/xc16/v1.26/bin/bin/../../lib/PIC24F\libpPIC24Fxxx-coff.a(EnableWDT.o)
                  0x001f7a                  EnableWDT
 .libperi         0x001f8a         0x24 c:/program files (x86)/microchip/xc16/v1.26/bin/bin/../../lib/PIC24F\libpPIC24Fxxx-coff.a(ConfigIntTimer2.o)
                  0x001f8a                  ConfigIntTimer2
 .libperi         0x001fae          0x8 c:/program files (x86)/microchip/xc16/v1.26/bin/bin/../../lib/PIC24F\libpPIC24Fxxx-coff.a(CloseTimer2.o)
                  0x001fae                  CloseTimer2
 .libperi         0x001fb6          0x8 c:/program files (x86)/microchip/xc16/v1.26/bin/bin/../../lib/PIC24F\libpPIC24Fxxx-coff.a(OpenSPI1.o)
                  0x001fb6                  OpenSPI1
 .libperi         0x001fbe          0x8 c:/program files (x86)/microchip/xc16/v1.26/bin/bin/../../lib/PIC24F\libpPIC24Fxxx-coff.a(CloseSPI1.o)
                  0x001fbe                  CloseSPI1
 .libperi         0x001fc6          0xc c:/program files (x86)/microchip/xc16/v1.26/bin/bin/../../lib/PIC24F\libpPIC24Fxxx-coff.a(CloseUART1.o)
                  0x001fc6                  CloseUART1
 .libperi         0x001fd2         0x48 c:/program files (x86)/microchip/xc16/v1.26/bin/bin/../../lib/PIC24F\libpPIC24Fxxx-coff.a(ConfigIntUART1.o)
                  0x001fd2                  ConfigIntUART1
 .libperi         0x00201a         0x12 c:/program files (x86)/microchip/xc16/v1.26/bin/bin/../../lib/PIC24F\libpPIC24Fxxx-coff.a(OpenUART1.o)
                  0x00201a                  OpenUART1
 .libperi         0x00202c          0xa c:/program files (x86)/microchip/xc16/v1.26/bin/bin/../../lib/PIC24F\libpPIC24Fxxx-coff.a(BusyUART1.o)
                  0x00202c                  BusyUART1
 .libperi         0x002036          0xe c:/program files (x86)/microchip/xc16/v1.26/bin/bin/../../lib/PIC24F\libpPIC24Fxxx-coff.a(WriteUART1.o)
                  0x002036                  WriteUART1
 .libperi         0x002044          0xc c:/program files (x86)/microchip/xc16/v1.26/bin/bin/../../lib/PIC24F\libpPIC24Fxxx-coff.a(CloseUART2.o)
                  0x002044                  CloseUART2
 .libperi         0x002050         0x48 c:/program files (x86)/microchip/xc16/v1.26/bin/bin/../../lib/PIC24F\libpPIC24Fxxx-coff.a(ConfigIntUART2.o)
                  0x002050                  ConfigIntUART2
 .libperi         0x002098         0x12 c:/program files (x86)/microchip/xc16/v1.26/bin/bin/../../lib/PIC24F\libpPIC24Fxxx-coff.a(OpenUART2.o)
                  0x002098                  OpenUART2
 .libperi         0x0020aa          0xa c:/program files (x86)/microchip/xc16/v1.26/bin/bin/../../lib/PIC24F\libpPIC24Fxxx-coff.a(BusyUART2.o)
                  0x0020aa                  BusyUART2
 .libperi         0x0020b4          0xe c:/program files (x86)/microchip/xc16/v1.26/bin/bin/../../lib/PIC24F\libpPIC24Fxxx-coff.a(WriteUART2.o)
                  0x0020b4                  WriteUART2
 .libperi         0x0020c2          0xc c:/program files (x86)/microchip/xc16/v1.26/bin/bin/../../lib/PIC24F\libpPIC24Fxxx-coff.a(CloseUART3.o)
                  0x0020c2                  CloseUART3
 .libperi         0x0020ce         0x48 c:/program files (x86)/microchip/xc16/v1.26/bin/bin/../../lib/PIC24F\libpPIC24Fxxx-coff.a(ConfigIntUART3.o)
                  0x0020ce                  ConfigIntUART3
 .libperi         0x002116         0x12 c:/program files (x86)/microchip/xc16/v1.26/bin/bin/../../lib/PIC24F\libpPIC24Fxxx-coff.a(OpenUART3.o)
                  0x002116                  OpenUART3
 .libperi         0x002128          0xa c:/program files (x86)/microchip/xc16/v1.26/bin/bin/../../lib/PIC24F\libpPIC24Fxxx-coff.a(BusyUART3.o)
                  0x002128                  BusyUART3
 .libperi         0x002132          0xe c:/program files (x86)/microchip/xc16/v1.26/bin/bin/../../lib/PIC24F\libpPIC24Fxxx-coff.a(WriteUART3.o)
                  0x002132                  WriteUART3
 .libperi         0x002140          0xc c:/program files (x86)/microchip/xc16/v1.26/bin/bin/../../lib/PIC24F\libpPIC24Fxxx-coff.a(CloseUART4.o)
                  0x002140                  CloseUART4
 .libperi         0x00214c         0x44 c:/program files (x86)/microchip/xc16/v1.26/bin/bin/../../lib/PIC24F\libpPIC24Fxxx-coff.a(ConfigIntUART4.o)
                  0x00214c                  ConfigIntUART4
 .libperi         0x002190         0x12 c:/program files (x86)/microchip/xc16/v1.26/bin/bin/../../lib/PIC24F\libpPIC24Fxxx-coff.a(OpenUART4.o)
                  0x002190                  OpenUART4
 .libperi         0x0021a2          0xa c:/program files (x86)/microchip/xc16/v1.26/bin/bin/../../lib/PIC24F\libpPIC24Fxxx-coff.a(BusyUART4.o)
                  0x0021a2                  BusyUART4
 .libperi         0x0021ac          0xe c:/program files (x86)/microchip/xc16/v1.26/bin/bin/../../lib/PIC24F\libpPIC24Fxxx-coff.a(WriteUART4.o)
                  0x0021ac                  WriteUART4
 .libperi         0x0021ba         0x2e c:/program files (x86)/microchip/xc16/v1.26/bin/bin/../../lib/PIC24F\libpPIC24Fxxx-coff.a(RtccReadTime_v1.o)
                  0x0021ba                  RtccReadTime_v1
 .libperi         0x0021e8          0x8 c:/program files (x86)/microchip/xc16/v1.26/bin/bin/../../lib/PIC24F\libpPIC24Fxxx-coff.a(OpenTimer2.o)
                  0x0021e8                  OpenTimer2
 .libperi         0x0021f0         0x1e c:/program files (x86)/microchip/xc16/v1.26/bin/bin/../../lib/PIC24F\libpPIC24Fxxx-coff.a(ConfigIntCN.o)
                  0x0021f0                  ConfigIntCN
 .libperi         0x00220e         0xb0 c:/program files (x86)/microchip/xc16/v1.26/bin/bin/../../lib/PIC24F\libpPIC24Fxxx-coff.a(RtccWriteTime_v1.o)
                  0x00220e                  RtccWriteTime_v1
 .libperi         0x0022be         0x12 c:/program files (x86)/microchip/xc16/v1.26/bin/bin/../../lib/PIC24F\libpPIC24Fxxx-coff.a(ReadUART1.o)
                  0x0022be                  ReadUART1
 .libperi         0x0022d0         0x12 c:/program files (x86)/microchip/xc16/v1.26/bin/bin/../../lib/PIC24F\libpPIC24Fxxx-coff.a(ReadUART2.o)
                  0x0022d0                  ReadUART2
 .libperi         0x0022e2         0x12 c:/program files (x86)/microchip/xc16/v1.26/bin/bin/../../lib/PIC24F\libpPIC24Fxxx-coff.a(ReadUART3.o)
                  0x0022e2                  ReadUART3
 .libperi         0x0022f4         0x32 c:/program files (x86)/microchip/xc16/v1.26/bin/bin/../../lib/PIC24F\libpPIC24Fxxx-coff.a(RtccWrOn_v1.o)
                  0x0022f4                  RtccWrOn_v1

usercode
 *(usercode)

__CONFIG3
 *(__CONFIG3.sec*)

__CONFIG2         0x02abfc          0x2
 *(__CONFIG2.sec*)
 __CONFIG2.sec    0x02abfc          0x2 build/XC16/production/ProjectSources/init.o

__CONFIG1
 *(__CONFIG1.sec*)

.comment
 *(.comment)

.debug_info
 *(.debug_info)
 *(.gnu.linkonce.wi.*)

.debug_abbrev
 *(.debug_abbrev)

.debug_line
 *(.debug_line)

.debug_frame
 *(.debug_frame)

.debug_str
 *(.debug_str)

.debug_loc
 *(.debug_loc)

.debug_macinfo
 *(.debug_macinfo)

.debug_pubnames
 *(.debug_pubnames)

.debug_ranges
 *(.debug_ranges)

.debug_aranges
 *(.debug_aranges)
                    0x0000                  WREG0 = 0x0
                    0x0000                  _WREG0 = 0x0
                    0x0002                  WREG1 = 0x2
                    0x0002                  _WREG1 = 0x2
                    0x0004                  WREG2 = 0x4
                    0x0004                  _WREG2 = 0x4
                    0x0006                  WREG3 = 0x6
                    0x0006                  _WREG3 = 0x6
                    0x0008                  WREG4 = 0x8
                    0x0008                  _WREG4 = 0x8
                    0x000a                  WREG5 = 0xa
                    0x000a                  _WREG5 = 0xa
                    0x000c                  WREG6 = 0xc
                    0x000c                  _WREG6 = 0xc
                    0x000e                  WREG7 = 0xe
                    0x000e                  _WREG7 = 0xe
                    0x0010                  WREG8 = 0x10
                    0x0010                  _WREG8 = 0x10
                    0x0012                  WREG9 = 0x12
                    0x0012                  _WREG9 = 0x12
                    0x0014                  WREG10 = 0x14
                    0x0014                  _WREG10 = 0x14
                    0x0016                  WREG11 = 0x16
                    0x0016                  _WREG11 = 0x16
                    0x0018                  WREG12 = 0x18
                    0x0018                  _WREG12 = 0x18
                    0x001a                  WREG13 = 0x1a
                    0x001a                  _WREG13 = 0x1a
                    0x001c                  WREG14 = 0x1c
                    0x001c                  _WREG14 = 0x1c
                    0x001e                  WREG15 = 0x1e
                    0x001e                  _WREG15 = 0x1e
                    0x0020                  SPLIM = 0x20
                    0x0020                  _SPLIM = 0x20
                    0x002e                  PCL = 0x2e
                    0x002e                  _PCL = 0x2e
                    0x0030                  PCH = 0x30
                    0x0030                  _PCH = 0x30
                    0x0032                  TBLPAG = 0x32
                    0x0032                  _TBLPAG = 0x32
                    0x0034                  PSVPAG = 0x34
                    0x0034                  _PSVPAG = 0x34
                    0x0036                  RCOUNT = 0x36
                    0x0036                  _RCOUNT = 0x36
                    0x0042                  SR = 0x42
                    0x0042                  _SR = 0x42
                    0x0042                  _SRbits = 0x42
                    0x0044                  CORCON = 0x44
                    0x0044                  _CORCON = 0x44
                    0x0044                  _CORCONbits = 0x44
                    0x0052                  DISICNT = 0x52
                    0x0052                  _DISICNT = 0x52
                    0x0054                  CNPD1 = 0x54
                    0x0054                  _CNPD1 = 0x54
                    0x0054                  _CNPD1bits = 0x54
                    0x0056                  CNPD2 = 0x56
                    0x0056                  _CNPD2 = 0x56
                    0x0056                  _CNPD2bits = 0x56
                    0x0058                  CNPD3 = 0x58
                    0x0058                  _CNPD3 = 0x58
                    0x0058                  _CNPD3bits = 0x58
                    0x005a                  CNPD4 = 0x5a
                    0x005a                  _CNPD4 = 0x5a
                    0x005a                  _CNPD4bits = 0x5a
                    0x005c                  CNPD5 = 0x5c
                    0x005c                  _CNPD5 = 0x5c
                    0x005c                  _CNPD5bits = 0x5c
                    0x005e                  CNPD6 = 0x5e
                    0x005e                  _CNPD6 = 0x5e
                    0x005e                  _CNPD6bits = 0x5e
                    0x0060                  CNEN1 = 0x60
                    0x0060                  _CNEN1 = 0x60
                    0x0060                  _CNEN1bits = 0x60
                    0x0062                  CNEN2 = 0x62
                    0x0062                  _CNEN2 = 0x62
                    0x0062                  _CNEN2bits = 0x62
                    0x0064                  CNEN3 = 0x64
                    0x0064                  _CNEN3 = 0x64
                    0x0064                  _CNEN3bits = 0x64
                    0x0066                  CNEN4 = 0x66
                    0x0066                  _CNEN4 = 0x66
                    0x0066                  _CNEN4bits = 0x66
                    0x0068                  CNEN5 = 0x68
                    0x0068                  _CNEN5 = 0x68
                    0x0068                  _CNEN5bits = 0x68
                    0x006a                  CNEN6 = 0x6a
                    0x006a                  _CNEN6 = 0x6a
                    0x006a                  _CNEN6bits = 0x6a
                    0x006c                  CNPU1 = 0x6c
                    0x006c                  _CNPU1 = 0x6c
                    0x006c                  _CNPU1bits = 0x6c
                    0x006e                  CNPU2 = 0x6e
                    0x006e                  _CNPU2 = 0x6e
                    0x006e                  _CNPU2bits = 0x6e
                    0x0070                  CNPU3 = 0x70
                    0x0070                  _CNPU3 = 0x70
                    0x0070                  _CNPU3bits = 0x70
                    0x0072                  CNPU4 = 0x72
                    0x0072                  _CNPU4 = 0x72
                    0x0072                  _CNPU4bits = 0x72
                    0x0074                  CNPU5 = 0x74
                    0x0074                  _CNPU5 = 0x74
                    0x0074                  _CNPU5bits = 0x74
                    0x0076                  CNPU6 = 0x76
                    0x0076                  _CNPU6 = 0x76
                    0x0076                  _CNPU6bits = 0x76
                    0x0080                  INTCON1 = 0x80
                    0x0080                  _INTCON1 = 0x80
                    0x0080                  _INTCON1bits = 0x80
                    0x0082                  INTCON2 = 0x82
                    0x0082                  _INTCON2 = 0x82
                    0x0082                  _INTCON2bits = 0x82
                    0x0084                  IFS0 = 0x84
                    0x0084                  _IFS0 = 0x84
                    0x0084                  _IFS0bits = 0x84
                    0x0086                  IFS1 = 0x86
                    0x0086                  _IFS1 = 0x86
                    0x0086                  _IFS1bits = 0x86
                    0x0088                  IFS2 = 0x88
                    0x0088                  _IFS2 = 0x88
                    0x0088                  _IFS2bits = 0x88
                    0x008a                  IFS3 = 0x8a
                    0x008a                  _IFS3 = 0x8a
                    0x008a                  _IFS3bits = 0x8a
                    0x008c                  IFS4 = 0x8c
                    0x008c                  _IFS4 = 0x8c
                    0x008c                  _IFS4bits = 0x8c
                    0x008e                  IFS5 = 0x8e
                    0x008e                  _IFS5 = 0x8e
                    0x008e                  _IFS5bits = 0x8e
                    0x0094                  IEC0 = 0x94
                    0x0094                  _IEC0 = 0x94
                    0x0094                  _IEC0bits = 0x94
                    0x0096                  IEC1 = 0x96
                    0x0096                  _IEC1 = 0x96
                    0x0096                  _IEC1bits = 0x96
                    0x0098                  IEC2 = 0x98
                    0x0098                  _IEC2 = 0x98
                    0x0098                  _IEC2bits = 0x98
                    0x009a                  IEC3 = 0x9a
                    0x009a                  _IEC3 = 0x9a
                    0x009a                  _IEC3bits = 0x9a
                    0x009c                  IEC4 = 0x9c
                    0x009c                  _IEC4 = 0x9c
                    0x009c                  _IEC4bits = 0x9c
                    0x009e                  IEC5 = 0x9e
                    0x009e                  _IEC5 = 0x9e
                    0x009e                  _IEC5bits = 0x9e
                    0x00a4                  IPC0 = 0xa4
                    0x00a4                  _IPC0 = 0xa4
                    0x00a4                  _IPC0bits = 0xa4
                    0x00a6                  IPC1 = 0xa6
                    0x00a6                  _IPC1 = 0xa6
                    0x00a6                  _IPC1bits = 0xa6
                    0x00a8                  IPC2 = 0xa8
                    0x00a8                  _IPC2 = 0xa8
                    0x00a8                  _IPC2bits = 0xa8
                    0x00aa                  IPC3 = 0xaa
                    0x00aa                  _IPC3 = 0xaa
                    0x00aa                  _IPC3bits = 0xaa
                    0x00ac                  IPC4 = 0xac
                    0x00ac                  _IPC4 = 0xac
                    0x00ac                  _IPC4bits = 0xac
                    0x00ae                  IPC5 = 0xae
                    0x00ae                  _IPC5 = 0xae
                    0x00ae                  _IPC5bits = 0xae
                    0x00b0                  IPC6 = 0xb0
                    0x00b0                  _IPC6 = 0xb0
                    0x00b0                  _IPC6bits = 0xb0
                    0x00b2                  IPC7 = 0xb2
                    0x00b2                  _IPC7 = 0xb2
                    0x00b2                  _IPC7bits = 0xb2
                    0x00b4                  IPC8 = 0xb4
                    0x00b4                  _IPC8 = 0xb4
                    0x00b4                  _IPC8bits = 0xb4
                    0x00b6                  IPC9 = 0xb6
                    0x00b6                  _IPC9 = 0xb6
                    0x00b6                  _IPC9bits = 0xb6
                    0x00b8                  IPC10 = 0xb8
                    0x00b8                  _IPC10 = 0xb8
                    0x00b8                  _IPC10bits = 0xb8
                    0x00ba                  IPC11 = 0xba
                    0x00ba                  _IPC11 = 0xba
                    0x00ba                  _IPC11bits = 0xba
                    0x00bc                  IPC12 = 0xbc
                    0x00bc                  _IPC12 = 0xbc
                    0x00bc                  _IPC12bits = 0xbc
                    0x00be                  IPC13 = 0xbe
                    0x00be                  _IPC13 = 0xbe
                    0x00be                  _IPC13bits = 0xbe
                    0x00c2                  IPC15 = 0xc2
                    0x00c2                  _IPC15 = 0xc2
                    0x00c2                  _IPC15bits = 0xc2
                    0x00c4                  IPC16 = 0xc4
                    0x00c4                  _IPC16 = 0xc4
                    0x00c4                  _IPC16bits = 0xc4
                    0x00c8                  IPC18 = 0xc8
                    0x00c8                  _IPC18 = 0xc8
                    0x00c8                  _IPC18bits = 0xc8
                    0x00ca                  IPC19 = 0xca
                    0x00ca                  _IPC19 = 0xca
                    0x00ca                  _IPC19bits = 0xca
                    0x00cc                  IPC20 = 0xcc
                    0x00cc                  _IPC20 = 0xcc
                    0x00cc                  _IPC20bits = 0xcc
                    0x00ce                  IPC21 = 0xce
                    0x00ce                  _IPC21 = 0xce
                    0x00ce                  _IPC21bits = 0xce
                    0x00d0                  IPC22 = 0xd0
                    0x00d0                  _IPC22 = 0xd0
                    0x00d0                  _IPC22bits = 0xd0
                    0x00d2                  IPC23 = 0xd2
                    0x00d2                  _IPC23 = 0xd2
                    0x00d2                  _IPC23bits = 0xd2
                    0x00e0                  INTTREG = 0xe0
                    0x00e0                  _INTTREG = 0xe0
                    0x00e0                  _INTTREGbits = 0xe0
                    0x0100                  TMR1 = 0x100
                    0x0100                  _TMR1 = 0x100
                    0x0102                  PR1 = 0x102
                    0x0102                  _PR1 = 0x102
                    0x0104                  T1CON = 0x104
                    0x0104                  _T1CON = 0x104
                    0x0104                  _T1CONbits = 0x104
                    0x0106                  TMR2 = 0x106
                    0x0106                  _TMR2 = 0x106
                    0x0108                  TMR3HLD = 0x108
                    0x0108                  _TMR3HLD = 0x108
                    0x010a                  TMR3 = 0x10a
                    0x010a                  _TMR3 = 0x10a
                    0x010c                  PR2 = 0x10c
                    0x010c                  _PR2 = 0x10c
                    0x010e                  PR3 = 0x10e
                    0x010e                  _PR3 = 0x10e
                    0x0110                  T2CON = 0x110
                    0x0110                  _T2CON = 0x110
                    0x0110                  _T2CONbits = 0x110
                    0x0112                  T3CON = 0x112
                    0x0112                  _T3CON = 0x112
                    0x0112                  _T3CONbits = 0x112
                    0x0114                  TMR4 = 0x114
                    0x0114                  _TMR4 = 0x114
                    0x0116                  TMR5HLD = 0x116
                    0x0116                  _TMR5HLD = 0x116
                    0x0118                  TMR5 = 0x118
                    0x0118                  _TMR5 = 0x118
                    0x011a                  PR4 = 0x11a
                    0x011a                  _PR4 = 0x11a
                    0x011c                  PR5 = 0x11c
                    0x011c                  _PR5 = 0x11c
                    0x011e                  T4CON = 0x11e
                    0x011e                  _T4CON = 0x11e
                    0x011e                  _T4CONbits = 0x11e
                    0x0120                  T5CON = 0x120
                    0x0120                  _T5CON = 0x120
                    0x0120                  _T5CONbits = 0x120
                    0x0140                  IC1CON1 = 0x140
                    0x0140                  _IC1CON1 = 0x140
                    0x0140                  _IC1CON1bits = 0x140
                    0x0142                  IC1CON2 = 0x142
                    0x0142                  _IC1CON2 = 0x142
                    0x0142                  _IC1CON2bits = 0x142
                    0x0144                  IC1BUF = 0x144
                    0x0144                  _IC1BUF = 0x144
                    0x0146                  IC1TMR = 0x146
                    0x0146                  _IC1TMR = 0x146
                    0x0148                  IC2CON1 = 0x148
                    0x0148                  _IC2CON1 = 0x148
                    0x0148                  _IC2CON1bits = 0x148
                    0x014a                  IC2CON2 = 0x14a
                    0x014a                  _IC2CON2 = 0x14a
                    0x014a                  _IC2CON2bits = 0x14a
                    0x014c                  IC2BUF = 0x14c
                    0x014c                  _IC2BUF = 0x14c
                    0x014e                  IC2TMR = 0x14e
                    0x014e                  _IC2TMR = 0x14e
                    0x0150                  IC3CON1 = 0x150
                    0x0150                  _IC3CON1 = 0x150
                    0x0150                  _IC3CON1bits = 0x150
                    0x0152                  IC3CON2 = 0x152
                    0x0152                  _IC3CON2 = 0x152
                    0x0152                  _IC3CON2bits = 0x152
                    0x0154                  IC3BUF = 0x154
                    0x0154                  _IC3BUF = 0x154
                    0x0156                  IC3TMR = 0x156
                    0x0156                  _IC3TMR = 0x156
                    0x0158                  IC4CON1 = 0x158
                    0x0158                  _IC4CON1 = 0x158
                    0x0158                  _IC4CON1bits = 0x158
                    0x015a                  IC4CON2 = 0x15a
                    0x015a                  _IC4CON2 = 0x15a
                    0x015a                  _IC4CON2bits = 0x15a
                    0x015c                  IC4BUF = 0x15c
                    0x015c                  _IC4BUF = 0x15c
                    0x015e                  IC4TMR = 0x15e
                    0x015e                  _IC4TMR = 0x15e
                    0x0160                  IC5CON1 = 0x160
                    0x0160                  _IC5CON1 = 0x160
                    0x0160                  _IC5CON1bits = 0x160
                    0x0162                  IC5CON2 = 0x162
                    0x0162                  _IC5CON2 = 0x162
                    0x0162                  _IC5CON2bits = 0x162
                    0x0164                  IC5BUF = 0x164
                    0x0164                  _IC5BUF = 0x164
                    0x0166                  IC5TMR = 0x166
                    0x0166                  _IC5TMR = 0x166
                    0x0168                  IC6CON1 = 0x168
                    0x0168                  _IC6CON1 = 0x168
                    0x0168                  _IC6CON1bits = 0x168
                    0x016a                  IC6CON2 = 0x16a
                    0x016a                  _IC6CON2 = 0x16a
                    0x016a                  _IC6CON2bits = 0x16a
                    0x016c                  IC6BUF = 0x16c
                    0x016c                  _IC6BUF = 0x16c
                    0x016e                  IC6TMR = 0x16e
                    0x016e                  _IC6TMR = 0x16e
                    0x0170                  IC7CON1 = 0x170
                    0x0170                  _IC7CON1 = 0x170
                    0x0170                  _IC7CON1bits = 0x170
                    0x0172                  IC7CON2 = 0x172
                    0x0172                  _IC7CON2 = 0x172
                    0x0172                  _IC7CON2bits = 0x172
                    0x0174                  IC7BUF = 0x174
                    0x0174                  _IC7BUF = 0x174
                    0x0176                  IC7TMR = 0x176
                    0x0176                  _IC7TMR = 0x176
                    0x0178                  IC8CON1 = 0x178
                    0x0178                  _IC8CON1 = 0x178
                    0x0178                  _IC8CON1bits = 0x178
                    0x017a                  IC8CON2 = 0x17a
                    0x017a                  _IC8CON2 = 0x17a
                    0x017a                  _IC8CON2bits = 0x17a
                    0x017c                  IC8BUF = 0x17c
                    0x017c                  _IC8BUF = 0x17c
                    0x017e                  IC8TMR = 0x17e
                    0x017e                  _IC8TMR = 0x17e
                    0x0180                  IC9CON1 = 0x180
                    0x0180                  _IC9CON1 = 0x180
                    0x0180                  _IC9CON1bits = 0x180
                    0x0182                  IC9CON2 = 0x182
                    0x0182                  _IC9CON2 = 0x182
                    0x0182                  _IC9CON2bits = 0x182
                    0x0184                  IC9BUF = 0x184
                    0x0184                  _IC9BUF = 0x184
                    0x0186                  IC9TMR = 0x186
                    0x0186                  _IC9TMR = 0x186
                    0x0190                  OC1CON1 = 0x190
                    0x0190                  _OC1CON1 = 0x190
                    0x0190                  _OC1CON1bits = 0x190
                    0x0192                  OC1CON2 = 0x192
                    0x0192                  _OC1CON2 = 0x192
                    0x0192                  _OC1CON2bits = 0x192
                    0x0194                  OC1RS = 0x194
                    0x0194                  _OC1RS = 0x194
                    0x0196                  OC1R = 0x196
                    0x0196                  _OC1R = 0x196
                    0x0198                  OC1TMR = 0x198
                    0x0198                  _OC1TMR = 0x198
                    0x019a                  OC2CON1 = 0x19a
                    0x019a                  _OC2CON1 = 0x19a
                    0x019a                  _OC2CON1bits = 0x19a
                    0x019c                  OC2CON2 = 0x19c
                    0x019c                  _OC2CON2 = 0x19c
                    0x019c                  _OC2CON2bits = 0x19c
                    0x019e                  OC2RS = 0x19e
                    0x019e                  _OC2RS = 0x19e
                    0x01a0                  OC2R = 0x1a0
                    0x01a0                  _OC2R = 0x1a0
                    0x01a2                  OC2TMR = 0x1a2
                    0x01a2                  _OC2TMR = 0x1a2
                    0x01a4                  OC3CON1 = 0x1a4
                    0x01a4                  _OC3CON1 = 0x1a4
                    0x01a4                  _OC3CON1bits = 0x1a4
                    0x01a6                  OC3CON2 = 0x1a6
                    0x01a6                  _OC3CON2 = 0x1a6
                    0x01a6                  _OC3CON2bits = 0x1a6
                    0x01a8                  OC3RS = 0x1a8
                    0x01a8                  _OC3RS = 0x1a8
                    0x01aa                  OC3R = 0x1aa
                    0x01aa                  _OC3R = 0x1aa
                    0x01ac                  OC3TMR = 0x1ac
                    0x01ac                  _OC3TMR = 0x1ac
                    0x01ae                  OC4CON1 = 0x1ae
                    0x01ae                  _OC4CON1 = 0x1ae
                    0x01ae                  _OC4CON1bits = 0x1ae
                    0x01b0                  OC4CON2 = 0x1b0
                    0x01b0                  _OC4CON2 = 0x1b0
                    0x01b0                  _OC4CON2bits = 0x1b0
                    0x01b2                  OC4RS = 0x1b2
                    0x01b2                  _OC4RS = 0x1b2
                    0x01b4                  OC4R = 0x1b4
                    0x01b4                  _OC4R = 0x1b4
                    0x01b6                  OC4TMR = 0x1b6
                    0x01b6                  _OC4TMR = 0x1b6
                    0x01b8                  OC5CON1 = 0x1b8
                    0x01b8                  _OC5CON1 = 0x1b8
                    0x01b8                  _OC5CON1bits = 0x1b8
                    0x01ba                  OC5CON2 = 0x1ba
                    0x01ba                  _OC5CON2 = 0x1ba
                    0x01ba                  _OC5CON2bits = 0x1ba
                    0x01bc                  OC5RS = 0x1bc
                    0x01bc                  _OC5RS = 0x1bc
                    0x01be                  OC5R = 0x1be
                    0x01be                  _OC5R = 0x1be
                    0x01c0                  OC5TMR = 0x1c0
                    0x01c0                  _OC5TMR = 0x1c0
                    0x01c2                  OC6CON1 = 0x1c2
                    0x01c2                  _OC6CON1 = 0x1c2
                    0x01c2                  _OC6CON1bits = 0x1c2
                    0x01c4                  OC6CON2 = 0x1c4
                    0x01c4                  _OC6CON2 = 0x1c4
                    0x01c4                  _OC6CON2bits = 0x1c4
                    0x01c6                  OC6RS = 0x1c6
                    0x01c6                  _OC6RS = 0x1c6
                    0x01c8                  OC6R = 0x1c8
                    0x01c8                  _OC6R = 0x1c8
                    0x01ca                  OC6TMR = 0x1ca
                    0x01ca                  _OC6TMR = 0x1ca
                    0x01cc                  OC7CON1 = 0x1cc
                    0x01cc                  _OC7CON1 = 0x1cc
                    0x01cc                  _OC7CON1bits = 0x1cc
                    0x01ce                  OC7CON2 = 0x1ce
                    0x01ce                  _OC7CON2 = 0x1ce
                    0x01ce                  _OC7CON2bits = 0x1ce
                    0x01d0                  OC7RS = 0x1d0
                    0x01d0                  _OC7RS = 0x1d0
                    0x01d2                  OC7R = 0x1d2
                    0x01d2                  _OC7R = 0x1d2
                    0x01d4                  OC7TMR = 0x1d4
                    0x01d4                  _OC7TMR = 0x1d4
                    0x01d6                  OC8CON1 = 0x1d6
                    0x01d6                  _OC8CON1 = 0x1d6
                    0x01d6                  _OC8CON1bits = 0x1d6
                    0x01d8                  OC8CON2 = 0x1d8
                    0x01d8                  _OC8CON2 = 0x1d8
                    0x01d8                  _OC8CON2bits = 0x1d8
                    0x01da                  OC8RS = 0x1da
                    0x01da                  _OC8RS = 0x1da
                    0x01dc                  OC8R = 0x1dc
                    0x01dc                  _OC8R = 0x1dc
                    0x01de                  OC8TMR = 0x1de
                    0x01de                  _OC8TMR = 0x1de
                    0x01e0                  OC9CON1 = 0x1e0
                    0x01e0                  _OC9CON1 = 0x1e0
                    0x01e0                  _OC9CON1bits = 0x1e0
                    0x01e2                  OC9CON2 = 0x1e2
                    0x01e2                  _OC9CON2 = 0x1e2
                    0x01e2                  _OC9CON2bits = 0x1e2
                    0x01e4                  OC9RS = 0x1e4
                    0x01e4                  _OC9RS = 0x1e4
                    0x01e6                  OC9R = 0x1e6
                    0x01e6                  _OC9R = 0x1e6
                    0x01e8                  OC9TMR = 0x1e8
                    0x01e8                  _OC9TMR = 0x1e8
                    0x0200                  I2C1RCV = 0x200
                    0x0200                  _I2C1RCV = 0x200
                    0x0202                  I2C1TRN = 0x202
                    0x0202                  _I2C1TRN = 0x202
                    0x0204                  I2C1BRG = 0x204
                    0x0204                  _I2C1BRG = 0x204
                    0x0206                  I2C1CON = 0x206
                    0x0206                  _I2C1CON = 0x206
                    0x0206                  _I2C1CONbits = 0x206
                    0x0208                  I2C1STAT = 0x208
                    0x0208                  _I2C1STAT = 0x208
                    0x0208                  _I2C1STATbits = 0x208
                    0x020a                  I2C1ADD = 0x20a
                    0x020a                  _I2C1ADD = 0x20a
                    0x020c                  I2C1MSK = 0x20c
                    0x020c                  _I2C1MSK = 0x20c
                    0x0210                  I2C2RCV = 0x210
                    0x0210                  _I2C2RCV = 0x210
                    0x0212                  I2C2TRN = 0x212
                    0x0212                  _I2C2TRN = 0x212
                    0x0214                  I2C2BRG = 0x214
                    0x0214                  _I2C2BRG = 0x214
                    0x0216                  I2C2CON = 0x216
                    0x0216                  _I2C2CON = 0x216
                    0x0216                  _I2C2CONbits = 0x216
                    0x0218                  I2C2STAT = 0x218
                    0x0218                  _I2C2STAT = 0x218
                    0x0218                  _I2C2STATbits = 0x218
                    0x021a                  I2C2ADD = 0x21a
                    0x021a                  _I2C2ADD = 0x21a
                    0x021c                  I2C2MSK = 0x21c
                    0x021c                  _I2C2MSK = 0x21c
                    0x0220                  U1MODE = 0x220
                    0x0220                  _U1MODE = 0x220
                    0x0220                  _U1MODEbits = 0x220
                    0x0222                  U1STA = 0x222
                    0x0222                  _U1STA = 0x222
                    0x0222                  _U1STAbits = 0x222
                    0x0224                  U1TXREG = 0x224
                    0x0224                  _U1TXREG = 0x224
                    0x0226                  U1RXREG = 0x226
                    0x0226                  _U1RXREG = 0x226
                    0x0228                  U1BRG = 0x228
                    0x0228                  _U1BRG = 0x228
                    0x0230                  U2MODE = 0x230
                    0x0230                  _U2MODE = 0x230
                    0x0230                  _U2MODEbits = 0x230
                    0x0232                  U2STA = 0x232
                    0x0232                  _U2STA = 0x232
                    0x0232                  _U2STAbits = 0x232
                    0x0234                  U2TXREG = 0x234
                    0x0234                  _U2TXREG = 0x234
                    0x0236                  U2RXREG = 0x236
                    0x0236                  _U2RXREG = 0x236
                    0x0238                  U2BRG = 0x238
                    0x0238                  _U2BRG = 0x238
                    0x0240                  SPI1STAT = 0x240
                    0x0240                  _SPI1STAT = 0x240
                    0x0240                  _SPI1STATbits = 0x240
                    0x0242                  SPI1CON1 = 0x242
                    0x0242                  _SPI1CON1 = 0x242
                    0x0242                  _SPI1CON1bits = 0x242
                    0x0244                  SPI1CON2 = 0x244
                    0x0244                  _SPI1CON2 = 0x244
                    0x0244                  _SPI1CON2bits = 0x244
                    0x0248                  SPI1BUF = 0x248
                    0x0248                  _SPI1BUF = 0x248
                    0x0250                  U3MODE = 0x250
                    0x0250                  _U3MODE = 0x250
                    0x0250                  _U3MODEbits = 0x250
                    0x0252                  U3STA = 0x252
                    0x0252                  _U3STA = 0x252
                    0x0252                  _U3STAbits = 0x252
                    0x0254                  U3TXREG = 0x254
                    0x0254                  _U3TXREG = 0x254
                    0x0256                  U3RXREG = 0x256
                    0x0256                  _U3RXREG = 0x256
                    0x0258                  U3BRG = 0x258
                    0x0258                  _U3BRG = 0x258
                    0x0260                  SPI2STAT = 0x260
                    0x0260                  _SPI2STAT = 0x260
                    0x0260                  _SPI2STATbits = 0x260
                    0x0262                  SPI2CON1 = 0x262
                    0x0262                  _SPI2CON1 = 0x262
                    0x0262                  _SPI2CON1bits = 0x262
                    0x0264                  SPI2CON2 = 0x264
                    0x0264                  _SPI2CON2 = 0x264
                    0x0264                  _SPI2CON2bits = 0x264
                    0x0268                  SPI2BUF = 0x268
                    0x0268                  _SPI2BUF = 0x268
                    0x0270                  I2C3RCV = 0x270
                    0x0270                  _I2C3RCV = 0x270
                    0x0272                  I2C3TRN = 0x272
                    0x0272                  _I2C3TRN = 0x272
                    0x0274                  I2C3BRG = 0x274
                    0x0274                  _I2C3BRG = 0x274
                    0x0276                  I2C3CON = 0x276
                    0x0276                  _I2C3CON = 0x276
                    0x0276                  _I2C3CONbits = 0x276
                    0x0278                  I2C3STAT = 0x278
                    0x0278                  _I2C3STAT = 0x278
                    0x0278                  _I2C3STATbits = 0x278
                    0x027a                  I2C3ADD = 0x27a
                    0x027a                  _I2C3ADD = 0x27a
                    0x027c                  I2C3MSK = 0x27c
                    0x027c                  _I2C3MSK = 0x27c
                    0x0280                  SPI3STAT = 0x280
                    0x0280                  _SPI3STAT = 0x280
                    0x0280                  _SPI3STATbits = 0x280
                    0x0282                  SPI3CON1 = 0x282
                    0x0282                  _SPI3CON1 = 0x282
                    0x0282                  _SPI3CON1bits = 0x282
                    0x0284                  SPI3CON2 = 0x284
                    0x0284                  _SPI3CON2 = 0x284
                    0x0284                  _SPI3CON2bits = 0x284
                    0x0288                  SPI3BUF = 0x288
                    0x0288                  _SPI3BUF = 0x288
                    0x02b0                  U4MODE = 0x2b0
                    0x02b0                  _U4MODE = 0x2b0
                    0x02b0                  _U4MODEbits = 0x2b0
                    0x02b2                  U4STA = 0x2b2
                    0x02b2                  _U4STA = 0x2b2
                    0x02b2                  _U4STAbits = 0x2b2
                    0x02b4                  U4TXREG = 0x2b4
                    0x02b4                  _U4TXREG = 0x2b4
                    0x02b6                  U4RXREG = 0x2b6
                    0x02b6                  _U4RXREG = 0x2b6
                    0x02b8                  U4BRG = 0x2b8
                    0x02b8                  _U4BRG = 0x2b8
                    0x02c0                  TRISA = 0x2c0
                    0x02c0                  _TRISA = 0x2c0
                    0x02c0                  _TRISAbits = 0x2c0
                    0x02c2                  PORTA = 0x2c2
                    0x02c2                  _PORTA = 0x2c2
                    0x02c2                  _PORTAbits = 0x2c2
                    0x02c4                  LATA = 0x2c4
                    0x02c4                  _LATA = 0x2c4
                    0x02c4                  _LATAbits = 0x2c4
                    0x02c6                  ODCA = 0x2c6
                    0x02c6                  _ODCA = 0x2c6
                    0x02c6                  _ODCAbits = 0x2c6
                    0x02c8                  TRISB = 0x2c8
                    0x02c8                  _TRISB = 0x2c8
                    0x02c8                  _TRISBbits = 0x2c8
                    0x02ca                  PORTB = 0x2ca
                    0x02ca                  _PORTB = 0x2ca
                    0x02ca                  _PORTBbits = 0x2ca
                    0x02cc                  LATB = 0x2cc
                    0x02cc                  _LATB = 0x2cc
                    0x02cc                  _LATBbits = 0x2cc
                    0x02ce                  ODCB = 0x2ce
                    0x02ce                  _ODCB = 0x2ce
                    0x02ce                  _ODCBbits = 0x2ce
                    0x02d0                  TRISC = 0x2d0
                    0x02d0                  _TRISC = 0x2d0
                    0x02d0                  _TRISCbits = 0x2d0
                    0x02d2                  PORTC = 0x2d2
                    0x02d2                  _PORTC = 0x2d2
                    0x02d2                  _PORTCbits = 0x2d2
                    0x02d4                  LATC = 0x2d4
                    0x02d4                  _LATC = 0x2d4
                    0x02d4                  _LATCbits = 0x2d4
                    0x02d6                  ODCC = 0x2d6
                    0x02d6                  _ODCC = 0x2d6
                    0x02d6                  _ODCCbits = 0x2d6
                    0x02d8                  TRISD = 0x2d8
                    0x02d8                  _TRISD = 0x2d8
                    0x02d8                  _TRISDbits = 0x2d8
                    0x02da                  PORTD = 0x2da
                    0x02da                  _PORTD = 0x2da
                    0x02da                  _PORTDbits = 0x2da
                    0x02dc                  LATD = 0x2dc
                    0x02dc                  _LATD = 0x2dc
                    0x02dc                  _LATDbits = 0x2dc
                    0x02de                  ODCD = 0x2de
                    0x02de                  _ODCD = 0x2de
                    0x02de                  _ODCDbits = 0x2de
                    0x02e0                  TRISE = 0x2e0
                    0x02e0                  _TRISE = 0x2e0
                    0x02e0                  _TRISEbits = 0x2e0
                    0x02e2                  PORTE = 0x2e2
                    0x02e2                  _PORTE = 0x2e2
                    0x02e2                  _PORTEbits = 0x2e2
                    0x02e4                  LATE = 0x2e4
                    0x02e4                  _LATE = 0x2e4
                    0x02e4                  _LATEbits = 0x2e4
                    0x02e6                  ODCE = 0x2e6
                    0x02e6                  _ODCE = 0x2e6
                    0x02e6                  _ODCEbits = 0x2e6
                    0x02e8                  TRISF = 0x2e8
                    0x02e8                  _TRISF = 0x2e8
                    0x02e8                  _TRISFbits = 0x2e8
                    0x02ea                  PORTF = 0x2ea
                    0x02ea                  _PORTF = 0x2ea
                    0x02ea                  _PORTFbits = 0x2ea
                    0x02ec                  LATF = 0x2ec
                    0x02ec                  _LATF = 0x2ec
                    0x02ec                  _LATFbits = 0x2ec
                    0x02ee                  ODCF = 0x2ee
                    0x02ee                  _ODCF = 0x2ee
                    0x02ee                  _ODCFbits = 0x2ee
                    0x02f0                  TRISG = 0x2f0
                    0x02f0                  _TRISG = 0x2f0
                    0x02f0                  _TRISGbits = 0x2f0
                    0x02f2                  PORTG = 0x2f2
                    0x02f2                  _PORTG = 0x2f2
                    0x02f2                  _PORTGbits = 0x2f2
                    0x02f4                  LATG = 0x2f4
                    0x02f4                  _LATG = 0x2f4
                    0x02f4                  _LATGbits = 0x2f4
                    0x02f6                  ODCG = 0x2f6
                    0x02f6                  _ODCG = 0x2f6
                    0x02f6                  _ODCGbits = 0x2f6
                    0x02fc                  PADCFG1 = 0x2fc
                    0x02fc                  _PADCFG1 = 0x2fc
                    0x02fc                  _PADCFG1bits = 0x2fc
                    0x0300                  ADC1BUF0 = 0x300
                    0x0300                  _ADC1BUF0 = 0x300
                    0x0302                  ADC1BUF1 = 0x302
                    0x0302                  _ADC1BUF1 = 0x302
                    0x0304                  ADC1BUF2 = 0x304
                    0x0304                  _ADC1BUF2 = 0x304
                    0x0306                  ADC1BUF3 = 0x306
                    0x0306                  _ADC1BUF3 = 0x306
                    0x0308                  ADC1BUF4 = 0x308
                    0x0308                  _ADC1BUF4 = 0x308
                    0x030a                  ADC1BUF5 = 0x30a
                    0x030a                  _ADC1BUF5 = 0x30a
                    0x030c                  ADC1BUF6 = 0x30c
                    0x030c                  _ADC1BUF6 = 0x30c
                    0x030e                  ADC1BUF7 = 0x30e
                    0x030e                  _ADC1BUF7 = 0x30e
                    0x0310                  ADC1BUF8 = 0x310
                    0x0310                  _ADC1BUF8 = 0x310
                    0x0312                  ADC1BUF9 = 0x312
                    0x0312                  _ADC1BUF9 = 0x312
                    0x0314                  ADC1BUFA = 0x314
                    0x0314                  _ADC1BUFA = 0x314
                    0x0316                  ADC1BUFB = 0x316
                    0x0316                  _ADC1BUFB = 0x316
                    0x0318                  ADC1BUFC = 0x318
                    0x0318                  _ADC1BUFC = 0x318
                    0x031a                  ADC1BUFD = 0x31a
                    0x031a                  _ADC1BUFD = 0x31a
                    0x031c                  ADC1BUFE = 0x31c
                    0x031c                  _ADC1BUFE = 0x31c
                    0x031e                  ADC1BUFF = 0x31e
                    0x031e                  _ADC1BUFF = 0x31e
                    0x0320                  AD1CON1 = 0x320
                    0x0320                  _AD1CON1 = 0x320
                    0x0320                  _AD1CON1bits = 0x320
                    0x0322                  AD1CON2 = 0x322
                    0x0322                  _AD1CON2 = 0x322
                    0x0322                  _AD1CON2bits = 0x322
                    0x0324                  AD1CON3 = 0x324
                    0x0324                  _AD1CON3 = 0x324
                    0x0324                  _AD1CON3bits = 0x324
                    0x0328                  AD1CHS = 0x328
                    0x0328                  _AD1CHS = 0x328
                    0x0328                  _AD1CHSbits = 0x328
                    0x0328                  AD1CHS0 = 0x328
                    0x0328                  _AD1CHS0 = 0x328
                    0x0328                  _AD1CHS0bits = 0x328
                    0x032a                  AD1PCFGH = 0x32a
                    0x032a                  _AD1PCFGH = 0x32a
                    0x032a                  _AD1PCFGHbits = 0x32a
                    0x032c                  AD1PCFG = 0x32c
                    0x032c                  _AD1PCFG = 0x32c
                    0x032c                  _AD1PCFGbits = 0x32c
                    0x032c                  AD1PCFGL = 0x32c
                    0x032c                  _AD1PCFGL = 0x32c
                    0x032c                  _AD1PCFGLbits = 0x32c
                    0x0330                  AD1CSSL = 0x330
                    0x0330                  _AD1CSSL = 0x330
                    0x0330                  _AD1CSSLbits = 0x330
                    0x0332                  AD1CSSH = 0x332
                    0x0332                  _AD1CSSH = 0x332
                    0x0332                  _AD1CSSHbits = 0x332
                    0x033c                  CTMUCON = 0x33c
                    0x033c                  _CTMUCON = 0x33c
                    0x033c                  _CTMUCONbits = 0x33c
                    0x033e                  CTMUICON = 0x33e
                    0x033e                  _CTMUICON = 0x33e
                    0x033e                  _CTMUICONbits = 0x33e
                    0x0600                  PMCON = 0x600
                    0x0600                  _PMCON = 0x600
                    0x0600                  _PMCONbits = 0x600
                    0x0602                  PMMODE = 0x602
                    0x0602                  _PMMODE = 0x602
                    0x0602                  _PMMODEbits = 0x602
                    0x0604                  PMADDR = 0x604
                    0x0604                  _PMADDR = 0x604
                    0x0604                  _PMADDRbits = 0x604
                    0x0604                  PMDOUT1 = 0x604
                    0x0604                  _PMDOUT1 = 0x604
                    0x0604                  _PMDOUT1bits = 0x604
                    0x0606                  PMDOUT2 = 0x606
                    0x0606                  _PMDOUT2 = 0x606
                    0x0608                  PMDIN1 = 0x608
                    0x0608                  _PMDIN1 = 0x608
                    0x060a                  PMDIN2 = 0x60a
                    0x060a                  _PMDIN2 = 0x60a
                    0x060c                  PMAEN = 0x60c
                    0x060c                  _PMAEN = 0x60c
                    0x060c                  _PMAENbits = 0x60c
                    0x060e                  PMSTAT = 0x60e
                    0x060e                  _PMSTAT = 0x60e
                    0x060e                  _PMSTATbits = 0x60e
                    0x0620                  ALRMVAL = 0x620
                    0x0620                  _ALRMVAL = 0x620
                    0x0622                  ALCFGRPT = 0x622
                    0x0622                  _ALCFGRPT = 0x622
                    0x0622                  _ALCFGRPTbits = 0x622
                    0x0624                  RTCVAL = 0x624
                    0x0624                  _RTCVAL = 0x624
                    0x0626                  RCFGCAL = 0x626
                    0x0626                  _RCFGCAL = 0x626
                    0x0626                  _RCFGCALbits = 0x626
                    0x0630                  CMSTAT = 0x630
                    0x0630                  _CMSTAT = 0x630
                    0x0630                  _CMSTATbits = 0x630
                    0x0632                  CVRCON = 0x632
                    0x0632                  _CVRCON = 0x632
                    0x0632                  _CVRCONbits = 0x632
                    0x0634                  CM1CON = 0x634
                    0x0634                  _CM1CON = 0x634
                    0x0634                  _CM1CONbits = 0x634
                    0x0636                  CM2CON = 0x636
                    0x0636                  _CM2CON = 0x636
                    0x0636                  _CM2CONbits = 0x636
                    0x0638                  CM3CON = 0x638
                    0x0638                  _CM3CON = 0x638
                    0x0638                  _CM3CONbits = 0x638
                    0x0640                  CRCCON = 0x640
                    0x0640                  _CRCCON = 0x640
                    0x0640                  _CRCCONbits = 0x640
                    0x0642                  CRCXOR = 0x642
                    0x0642                  _CRCXOR = 0x642
                    0x0642                  _CRCXORbits = 0x642
                    0x0644                  CRCDAT = 0x644
                    0x0644                  _CRCDAT = 0x644
                    0x0646                  CRCWDAT = 0x646
                    0x0646                  _CRCWDAT = 0x646
                    0x0680                  RPINR0 = 0x680
                    0x0680                  _RPINR0 = 0x680
                    0x0680                  _RPINR0bits = 0x680
                    0x0682                  RPINR1 = 0x682
                    0x0682                  _RPINR1 = 0x682
                    0x0682                  _RPINR1bits = 0x682
                    0x0684                  RPINR2 = 0x684
                    0x0684                  _RPINR2 = 0x684
                    0x0684                  _RPINR2bits = 0x684
                    0x0686                  RPINR3 = 0x686
                    0x0686                  _RPINR3 = 0x686
                    0x0686                  _RPINR3bits = 0x686
                    0x0688                  RPINR4 = 0x688
                    0x0688                  _RPINR4 = 0x688
                    0x0688                  _RPINR4bits = 0x688
                    0x068e                  RPINR7 = 0x68e
                    0x068e                  _RPINR7 = 0x68e
                    0x068e                  _RPINR7bits = 0x68e
                    0x0690                  RPINR8 = 0x690
                    0x0690                  _RPINR8 = 0x690
                    0x0690                  _RPINR8bits = 0x690
                    0x0692                  RPINR9 = 0x692
                    0x0692                  _RPINR9 = 0x692
                    0x0692                  _RPINR9bits = 0x692
                    0x0694                  RPINR10 = 0x694
                    0x0694                  _RPINR10 = 0x694
                    0x0694                  _RPINR10bits = 0x694
                    0x0696                  RPINR11 = 0x696
                    0x0696                  _RPINR11 = 0x696
                    0x0696                  _RPINR11bits = 0x696
                    0x069e                  RPINR15 = 0x69e
                    0x069e                  _RPINR15 = 0x69e
                    0x069e                  _RPINR15bits = 0x69e
                    0x06a2                  RPINR17 = 0x6a2
                    0x06a2                  _RPINR17 = 0x6a2
                    0x06a2                  _RPINR17bits = 0x6a2
                    0x06a4                  RPINR18 = 0x6a4
                    0x06a4                  _RPINR18 = 0x6a4
                    0x06a4                  _RPINR18bits = 0x6a4
                    0x06a6                  RPINR19 = 0x6a6
                    0x06a6                  _RPINR19 = 0x6a6
                    0x06a6                  _RPINR19bits = 0x6a6
                    0x06a8                  RPINR20 = 0x6a8
                    0x06a8                  _RPINR20 = 0x6a8
                    0x06a8                  _RPINR20bits = 0x6a8
                    0x06aa                  RPINR21 = 0x6aa
                    0x06aa                  _RPINR21 = 0x6aa
                    0x06aa                  _RPINR21bits = 0x6aa
                    0x06ac                  RPINR22 = 0x6ac
                    0x06ac                  _RPINR22 = 0x6ac
                    0x06ac                  _RPINR22bits = 0x6ac
                    0x06ae                  RPINR23 = 0x6ae
                    0x06ae                  _RPINR23 = 0x6ae
                    0x06ae                  _RPINR23bits = 0x6ae
                    0x06b6                  RPINR27 = 0x6b6
                    0x06b6                  _RPINR27 = 0x6b6
                    0x06b6                  _RPINR27bits = 0x6b6
                    0x06b8                  RPINR28 = 0x6b8
                    0x06b8                  _RPINR28 = 0x6b8
                    0x06b8                  _RPINR28bits = 0x6b8
                    0x06ba                  RPINR29 = 0x6ba
                    0x06ba                  _RPINR29 = 0x6ba
                    0x06ba                  _RPINR29bits = 0x6ba
                    0x06c0                  RPOR0 = 0x6c0
                    0x06c0                  _RPOR0 = 0x6c0
                    0x06c0                  _RPOR0bits = 0x6c0
                    0x06c2                  RPOR1 = 0x6c2
                    0x06c2                  _RPOR1 = 0x6c2
                    0x06c2                  _RPOR1bits = 0x6c2
                    0x06c4                  RPOR2 = 0x6c4
                    0x06c4                  _RPOR2 = 0x6c4
                    0x06c4                  _RPOR2bits = 0x6c4
                    0x06c6                  RPOR3 = 0x6c6
                    0x06c6                  _RPOR3 = 0x6c6
                    0x06c6                  _RPOR3bits = 0x6c6
                    0x06c8                  RPOR4 = 0x6c8
                    0x06c8                  _RPOR4 = 0x6c8
                    0x06c8                  _RPOR4bits = 0x6c8
                    0x06ca                  RPOR5 = 0x6ca
                    0x06ca                  _RPOR5 = 0x6ca
                    0x06ca                  _RPOR5bits = 0x6ca
                    0x06cc                  RPOR6 = 0x6cc
                    0x06cc                  _RPOR6 = 0x6cc
                    0x06cc                  _RPOR6bits = 0x6cc
                    0x06ce                  RPOR7 = 0x6ce
                    0x06ce                  _RPOR7 = 0x6ce
                    0x06ce                  _RPOR7bits = 0x6ce
                    0x06d0                  RPOR8 = 0x6d0
                    0x06d0                  _RPOR8 = 0x6d0
                    0x06d0                  _RPOR8bits = 0x6d0
                    0x06d2                  RPOR9 = 0x6d2
                    0x06d2                  _RPOR9 = 0x6d2
                    0x06d2                  _RPOR9bits = 0x6d2
                    0x06d4                  RPOR10 = 0x6d4
                    0x06d4                  _RPOR10 = 0x6d4
                    0x06d4                  _RPOR10bits = 0x6d4
                    0x06d6                  RPOR11 = 0x6d6
                    0x06d6                  _RPOR11 = 0x6d6
                    0x06d6                  _RPOR11bits = 0x6d6
                    0x06d8                  RPOR12 = 0x6d8
                    0x06d8                  _RPOR12 = 0x6d8
                    0x06d8                  _RPOR12bits = 0x6d8
                    0x06da                  RPOR13 = 0x6da
                    0x06da                  _RPOR13 = 0x6da
                    0x06da                  _RPOR13bits = 0x6da
                    0x06dc                  RPOR14 = 0x6dc
                    0x06dc                  _RPOR14 = 0x6dc
                    0x06dc                  _RPOR14bits = 0x6dc
                    0x06de                  RPOR15 = 0x6de
                    0x06de                  _RPOR15 = 0x6de
                    0x06de                  _RPOR15bits = 0x6de
                    0x06e2                  ALTRP = 0x6e2
                    0x06e2                  _ALTRP = 0x6e2
                    0x06e2                  _ALTRPbits = 0x6e2
                    0x0740                  RCON = 0x740
                    0x0740                  _RCON = 0x740
                    0x0740                  _RCONbits = 0x740
                    0x0742                  OSCCON = 0x742
                    0x0742                  _OSCCON = 0x742
                    0x0742                  _OSCCONbits = 0x742
                    0x0742                  OSCCONL = 0x742
                    0x0742                  _OSCCONL = 0x742
                    0x0743                  OSCCONH = 0x743
                    0x0743                  _OSCCONH = 0x743
                    0x0744                  CLKDIV = 0x744
                    0x0744                  _CLKDIV = 0x744
                    0x0744                  _CLKDIVbits = 0x744
                    0x0748                  OSCTUN = 0x748
                    0x0748                  _OSCTUN = 0x748
                    0x0748                  _OSCTUNbits = 0x748
                    0x074e                  REFOCON = 0x74e
                    0x074e                  _REFOCON = 0x74e
                    0x074e                  _REFOCONbits = 0x74e
                    0x0760                  NVMCON = 0x760
                    0x0760                  _NVMCON = 0x760
                    0x0760                  _NVMCONbits = 0x760
                    0x0766                  NVMKEY = 0x766
                    0x0766                  _NVMKEY = 0x766
                    0x0770                  PMD1 = 0x770
                    0x0770                  _PMD1 = 0x770
                    0x0770                  _PMD1bits = 0x770
                    0x0772                  PMD2 = 0x772
                    0x0772                  _PMD2 = 0x772
                    0x0772                  _PMD2bits = 0x772
                    0x0774                  PMD3 = 0x774
                    0x0774                  _PMD3 = 0x774
                    0x0774                  _PMD3bits = 0x774
                    0x0776                  PMD4 = 0x776
                    0x0776                  _PMD4 = 0x776
                    0x0776                  _PMD4bits = 0x776
                    0x0778                  PMD5 = 0x778
                    0x0778                  _PMD5 = 0x778
                    0x0778                  _PMD5bits = 0x778
                    0x077a                  PMD6 = 0x77a
                    0x077a                  _PMD6 = 0x77a
                    0x077a                  _PMD6bits = 0x77a
                    0x0144                  IC1 = 0x144
                    0x0144                  _IC1 = 0x144
                    0x014c                  IC2 = 0x14c
                    0x014c                  _IC2 = 0x14c
                    0x0154                  IC3 = 0x154
                    0x0154                  _IC3 = 0x154
                    0x015c                  IC4 = 0x15c
                    0x015c                  _IC4 = 0x15c
                    0x0164                  IC5 = 0x164
                    0x0164                  _IC5 = 0x164
                    0x016c                  IC6 = 0x16c
                    0x016c                  _IC6 = 0x16c
                    0x0174                  IC7 = 0x174
                    0x0174                  _IC7 = 0x174
                    0x017c                  IC8 = 0x17c
                    0x017c                  _IC8 = 0x17c
                    0x0194                  OC1 = 0x194
                    0x0194                  _OC1 = 0x194
                    0x019e                  OC2 = 0x19e
                    0x019e                  _OC2 = 0x19e
                    0x01a8                  OC3 = 0x1a8
                    0x01a8                  _OC3 = 0x1a8
                    0x01b2                  OC4 = 0x1b2
                    0x01b2                  _OC4 = 0x1b2
                    0x01bc                  OC5 = 0x1bc
                    0x01bc                  _OC5 = 0x1bc
                    0x01c6                  OC6 = 0x1c6
                    0x01c6                  _OC6 = 0x1c6
                    0x01d0                  OC7 = 0x1d0
                    0x01d0                  _OC7 = 0x1d0
                    0x01da                  OC8 = 0x1da
                    0x01da                  _OC8 = 0x1da
                    0x0240                  SPI1 = 0x240
                    0x0240                  _SPI1 = 0x240
                    0x0260                  SPI2 = 0x260
                    0x0260                  _SPI2 = 0x260
                    0x0220                  UART1 = 0x220
                    0x0220                  _UART1 = 0x220
                    0x0230                  UART2 = 0x230
                    0x0230                  _UART2 = 0x230
START GROUP
LOAD c:/program files (x86)/microchip/xc16/v1.26/bin/bin/../../lib\liblega-pic30-coff.a
LOAD c:/program files (x86)/microchip/xc16/v1.26/bin/bin/../../lib\libm-coff.a
LOAD c:/program files (x86)/microchip/xc16/v1.26/bin/bin/../../lib\liblega-c-coff.a
END GROUP
OUTPUT(dist/XC16/production/Copper2v1-new_lib_build.production.cof coff-pic30)
LOAD jump_table
LOAD data_init
LOAD default_isr

__c30_signature
                  0x000000        0x2f4
 __c30_signature
                  0x000000          0x6 build/XC16/production/_ext/1443471778/csk_led.o
 __c30_signature
                  0x000006          0x6 build/XC16/production/_ext/1443471778/csk_mhx.o
 __c30_signature
                  0x00000c          0x6 build/XC16/production/_ext/1443471778/csk_power.o
 __c30_signature
                  0x000012          0x6 build/XC16/production/_ext/1443471778/csk_rand.o
 __c30_signature
                  0x000018          0x6 build/XC16/production/_ext/1443471778/csk_sd.o
 __c30_signature
                  0x00001e          0x6 build/XC16/production/_ext/1443471778/csk_usb.o
 __c30_signature
                  0x000024          0x6 build/XC16/production/_ext/1443471778/csk_wdt.o
 __c30_signature
                  0x00002a          0x6 build/XC16/production/_ext/1443471778/effs_thin_mmc_drv_spi1.o
 __c30_signature
                  0x000030          0x6 build/XC16/production/_ext/1443471778/csk_io.o
 __c30_signature
                  0x000036          0x6 build/XC16/production/_ext/1939458138/pic24_uart1.o
 __c30_signature
                  0x00003c          0x6 build/XC16/production/_ext/1939458138/pic24_uart1_msg.o
 __c30_signature
                  0x000042          0x6 build/XC16/production/_ext/1939458138/pic24_uart1_msg_ts.o
 __c30_signature
                  0x000048          0x6 build/XC16/production/_ext/1939458138/pic24_uart2.o
 __c30_signature
                  0x00004e          0x6 build/XC16/production/_ext/1939458138/pic24_uart2_msg.o
 __c30_signature
                  0x000054          0x6 build/XC16/production/_ext/1939458138/pic24_uart2_msg_ts.o
 __c30_signature
                  0x00005a          0x6 build/XC16/production/_ext/1939458138/pic24_uart3.o
 __c30_signature
                  0x000060          0x6 build/XC16/production/_ext/1939458138/pic24_uart3_msg.o
 __c30_signature
                  0x000066          0x6 build/XC16/production/_ext/1939458138/pic24_uart3_msg_ts.o
 __c30_signature
                  0x00006c          0x6 build/XC16/production/_ext/1939458138/pic24_uart4.o
 __c30_signature
                  0x000072          0x6 build/XC16/production/_ext/1939458138/pic24_uart4_msg.o
 __c30_signature
                  0x000078          0x6 build/XC16/production/_ext/1939458138/pic24_uart4_msg_ts.o
 __c30_signature
                  0x00007e          0x6 build/XC16/production/ProjectSources/main.o
 __c30_signature
                  0x000084          0x6 build/XC16/production/ProjectSources/debug_functions.o
 __c30_signature
                  0x00008a          0x6 build/XC16/production/ProjectSources/messagequeues.o
 __c30_signature
                  0x000090          0x6 build/XC16/production/ProjectSources/task_beacon.o
 __c30_signature
                  0x000096          0x6 build/XC16/production/ProjectSources/task_radio_listen.o
 __c30_signature
                  0x00009c          0x6 build/XC16/production/ProjectSources/task_scheduler.o
 __c30_signature
                  0x0000a2          0x6 build/XC16/production/ProjectSources/task_test.o
 __c30_signature
                  0x0000a8          0x6 build/XC16/production/ProjectSources/init.o
 __c30_signature
                  0x0000ae          0x6 build/XC16/production/ProjectSources/task_radio_talk.o
 __c30_signature
                  0x0000b4          0x6 build/XC16/production/_ext/1458030235/salvomem.o
 __c30_signature
                  0x0000ba          0x6 ..\..\..\..\Pumpkin\Salvo\Lib\MCC30-v3\libsalvolmcc30lit.a(salvotick.o)
 __c30_signature
                  0x0000c0          0x6 ..\..\..\..\Pumpkin\Salvo\Lib\MCC30-v3\libsalvolmcc30lit.a(salvoinit.o)
 __c30_signature
                  0x0000c6          0x6 ..\..\..\..\Pumpkin\Salvo\Lib\MCC30-v3\libsalvolmcc30lit.a(salvoinit2.o)
 __c30_signature
                  0x0000cc          0x6 ..\..\..\..\Pumpkin\Salvo\Lib\MCC30-v3\libsalvolmcc30lit.a(salvosched.o)
 __c30_signature
                  0x0000d2          0x6 ..\..\..\..\Pumpkin\Salvo\Lib\MCC30-v3\libsalvolmcc30lit.a(salvodelay.o)
 __c30_signature
                  0x0000d8          0x6 ..\..\..\..\Pumpkin\Salvo\Lib\MCC30-v3\libsalvolmcc30lit.a(salvobinsem.o)
 __c30_signature
                  0x0000de          0x6 ..\..\..\..\Pumpkin\Salvo\Lib\MCC30-v3\libsalvolmcc30lit.a(salvotimer.o)
 __c30_signature
                  0x0000e4          0x6 ..\..\..\..\Pumpkin\Salvo\Lib\MCC30-v3\libsalvolmcc30lit.a(salvohook_interrupt.o)
 __c30_signature
                  0x0000ea          0x6 ..\..\..\..\Pumpkin\Salvo\Lib\MCC30-v3\libsalvolmcc30lit.a(salvoqins.o)
 __c30_signature
                  0x0000f0          0x6 ..\..\..\..\Pumpkin\Salvo\Lib\MCC30-v3\libsalvolmcc30lit.a(salvohook_wdt.o)
 __c30_signature
                  0x0000f6          0x6 ..\..\..\..\Pumpkin\Salvo\Lib\MCC30-v3\libsalvolmcc30lit.a(salvoqdel.o)
 __c30_signature
                  0x0000fc          0x6 ..\..\..\..\Pumpkin\Salvo\Lib\MCC30-v3\libsalvolmcc30lit.a(salvohook_idle.o)
 __c30_signature
                  0x000102          0x6 ..\..\..\..\Pumpkin\Salvo\Lib\MCC30-v3\libsalvolmcc30lit.a(salvoevent.o)
 __c30_signature
                  0x000108          0x6 c:/program files (x86)/microchip/xc16/v1.26/bin/bin/../../lib/PIC24F\libpPIC24Fxxx-coff.a(EnableWDT.o)
 __c30_signature
                  0x00010e          0x6 c:/program files (x86)/microchip/xc16/v1.26/bin/bin/../../lib/PIC24F\libpPIC24Fxxx-coff.a(ConfigIntTimer2.o)
 __c30_signature
                  0x000114          0x6 c:/program files (x86)/microchip/xc16/v1.26/bin/bin/../../lib/PIC24F\libpPIC24Fxxx-coff.a(CloseTimer2.o)
 __c30_signature
                  0x00011a          0x6 c:/program files (x86)/microchip/xc16/v1.26/bin/bin/../../lib/PIC24F\libpPIC24Fxxx-coff.a(OpenSPI1.o)
 __c30_signature
                  0x000120          0x6 c:/program files (x86)/microchip/xc16/v1.26/bin/bin/../../lib/PIC24F\libpPIC24Fxxx-coff.a(CloseSPI1.o)
 __c30_signature
                  0x000126          0x6 c:/program files (x86)/microchip/xc16/v1.26/bin/bin/../../lib/PIC24F\libpPIC24Fxxx-coff.a(CloseUART1.o)
 __c30_signature
                  0x00012c          0x6 c:/program files (x86)/microchip/xc16/v1.26/bin/bin/../../lib/PIC24F\libpPIC24Fxxx-coff.a(ConfigIntUART1.o)
 __c30_signature
                  0x000132          0x6 c:/program files (x86)/microchip/xc16/v1.26/bin/bin/../../lib/PIC24F\libpPIC24Fxxx-coff.a(OpenUART1.o)
 __c30_signature
                  0x000138          0x6 c:/program files (x86)/microchip/xc16/v1.26/bin/bin/../../lib/PIC24F\libpPIC24Fxxx-coff.a(BusyUART1.o)
 __c30_signature
                  0x00013e          0x6 c:/program files (x86)/microchip/xc16/v1.26/bin/bin/../../lib/PIC24F\libpPIC24Fxxx-coff.a(WriteUART1.o)
 __c30_signature
                  0x000144          0x6 c:/program files (x86)/microchip/xc16/v1.26/bin/bin/../../lib/PIC24F\libpPIC24Fxxx-coff.a(CloseUART2.o)
 __c30_signature
                  0x00014a          0x6 c:/program files (x86)/microchip/xc16/v1.26/bin/bin/../../lib/PIC24F\libpPIC24Fxxx-coff.a(ConfigIntUART2.o)
 __c30_signature
                  0x000150          0x6 c:/program files (x86)/microchip/xc16/v1.26/bin/bin/../../lib/PIC24F\libpPIC24Fxxx-coff.a(OpenUART2.o)
 __c30_signature
                  0x000156          0x6 c:/program files (x86)/microchip/xc16/v1.26/bin/bin/../../lib/PIC24F\libpPIC24Fxxx-coff.a(BusyUART2.o)
 __c30_signature
                  0x00015c          0x6 c:/program files (x86)/microchip/xc16/v1.26/bin/bin/../../lib/PIC24F\libpPIC24Fxxx-coff.a(WriteUART2.o)
 __c30_signature
                  0x000162          0x6 c:/program files (x86)/microchip/xc16/v1.26/bin/bin/../../lib/PIC24F\libpPIC24Fxxx-coff.a(CloseUART3.o)
 __c30_signature
                  0x000168          0x6 c:/program files (x86)/microchip/xc16/v1.26/bin/bin/../../lib/PIC24F\libpPIC24Fxxx-coff.a(ConfigIntUART3.o)
 __c30_signature
                  0x00016e          0x6 c:/program files (x86)/microchip/xc16/v1.26/bin/bin/../../lib/PIC24F\libpPIC24Fxxx-coff.a(OpenUART3.o)
 __c30_signature
                  0x000174          0x6 c:/program files (x86)/microchip/xc16/v1.26/bin/bin/../../lib/PIC24F\libpPIC24Fxxx-coff.a(BusyUART3.o)
 __c30_signature
                  0x00017a          0x6 c:/program files (x86)/microchip/xc16/v1.26/bin/bin/../../lib/PIC24F\libpPIC24Fxxx-coff.a(WriteUART3.o)
 __c30_signature
                  0x000180          0x6 c:/program files (x86)/microchip/xc16/v1.26/bin/bin/../../lib/PIC24F\libpPIC24Fxxx-coff.a(CloseUART4.o)
 __c30_signature
                  0x000186          0x6 c:/program files (x86)/microchip/xc16/v1.26/bin/bin/../../lib/PIC24F\libpPIC24Fxxx-coff.a(ConfigIntUART4.o)
 __c30_signature
                  0x00018c          0x6 c:/program files (x86)/microchip/xc16/v1.26/bin/bin/../../lib/PIC24F\libpPIC24Fxxx-coff.a(OpenUART4.o)
 __c30_signature
                  0x000192          0x6 c:/program files (x86)/microchip/xc16/v1.26/bin/bin/../../lib/PIC24F\libpPIC24Fxxx-coff.a(BusyUART4.o)
 __c30_signature
                  0x000198          0x6 c:/program files (x86)/microchip/xc16/v1.26/bin/bin/../../lib/PIC24F\libpPIC24Fxxx-coff.a(WriteUART4.o)
 __c30_signature
                  0x00019e          0x6 c:/program files (x86)/microchip/xc16/v1.26/bin/bin/../../lib/PIC24F\libpPIC24Fxxx-coff.a(RtccReadTime_v1.o)
 __c30_signature
                  0x0001a4          0x6 c:/program files (x86)/microchip/xc16/v1.26/bin/bin/../../lib/PIC24F\libpPIC24Fxxx-coff.a(OpenTimer2.o)
 __c30_signature
                  0x0001aa          0x6 c:/program files (x86)/microchip/xc16/v1.26/bin/bin/../../lib/PIC24F\libpPIC24Fxxx-coff.a(ConfigIntCN.o)
 __c30_signature
                  0x0001b0          0x6 c:/program files (x86)/microchip/xc16/v1.26/bin/bin/../../lib/PIC24F\libpPIC24Fxxx-coff.a(RtccWriteTime_v1.o)
 __c30_signature
                  0x0001b6          0x6 c:/program files (x86)/microchip/xc16/v1.26/bin/bin/../../lib/PIC24F\libpPIC24Fxxx-coff.a(ReadUART1.o)
 __c30_signature
                  0x0001bc          0x6 c:/program files (x86)/microchip/xc16/v1.26/bin/bin/../../lib/PIC24F\libpPIC24Fxxx-coff.a(ReadUART2.o)
 __c30_signature
                  0x0001c2          0x6 c:/program files (x86)/microchip/xc16/v1.26/bin/bin/../../lib/PIC24F\libpPIC24Fxxx-coff.a(ReadUART3.o)
 __c30_signature
                  0x0001c8          0x6 c:/program files (x86)/microchip/xc16/v1.26/bin/bin/../../lib/PIC24F\libpPIC24Fxxx-coff.a(RtccWrOn_v1.o)
 __c30_signature
                  0x0001ce          0x6 c:/program files (x86)/microchip/xc16/v1.26/bin/bin/../../lib\liblega-pic30-coff.a(crt0_standard.o)
 __c30_signature
                  0x0001d4          0x6 c:/program files (x86)/microchip/xc16/v1.26/bin/bin/../../lib\liblega-pic30-coff.a(data_init_standard.o)
 __c30_signature
                  0x0001da          0x6 c:/program files (x86)/microchip/xc16/v1.26/bin/bin/../../lib\liblega-c-coff.a(strlen.XXo)
 __c30_signature
                  0x0001e0          0x6 c:/program files (x86)/microchip/xc16/v1.26/bin/bin/../../lib\liblega-c-coff.a(sprintf_cdnopuxX.XXo)
 __c30_signature
                  0x0001e6          0x6 c:/program files (x86)/microchip/xc16/v1.26/bin/bin/../../lib\liblega-c-coff.a(vsprintf.XXo)
 __c30_signature
                  0x0001ec          0x6 c:/program files (x86)/microchip/xc16/v1.26/bin/bin/../../lib\liblega-c-coff.a(memcpy.XXo)
 __c30_signature
                  0x0001f2          0x6 c:/program files (x86)/microchip/xc16/v1.26/bin/bin/../../lib\liblega-c-coff.a(sprintf.XXo)
 __c30_signature
                  0x0001f8          0x6 c:/program files (x86)/microchip/xc16/v1.26/bin/bin/../../lib\liblega-c-coff.a(strtok.XXo)
 __c30_signature
                  0x0001fe          0x6 c:/program files (x86)/microchip/xc16/v1.26/bin/bin/../../lib\liblega-c-coff.a(xprintf_cdnopuxX.XXo)
 __c30_signature
                  0x000204          0x6 c:/program files (x86)/microchip/xc16/v1.26/bin/bin/../../lib\liblega-c-coff.a(xprintf.XXo)
 __c30_signature
                  0x00020a          0x6 c:/program files (x86)/microchip/xc16/v1.26/bin/bin/../../lib\liblega-c-coff.a(strspn.XXo)
 __c30_signature
                  0x000210          0x6 c:/program files (x86)/microchip/xc16/v1.26/bin/bin/../../lib\liblega-c-coff.a(strcspn.XXo)
 __c30_signature
                  0x000216          0x6 c:/program files (x86)/microchip/xc16/v1.26/bin/bin/../../lib\liblega-c-coff.a(xvacopy.XXo)
 __c30_signature
                  0x00021c          0x6 c:/program files (x86)/microchip/xc16/v1.26/bin/bin/../../lib\liblega-c-coff.a(strchr.XXo)
 __c30_signature
                  0x000222          0x6 c:/program files (x86)/microchip/xc16/v1.26/bin/bin/../../lib\liblega-c-coff.a(xputfld_cdnopuxX.XXo)
 __c30_signature
                  0x000228          0x6 c:/program files (x86)/microchip/xc16/v1.26/bin/bin/../../lib\liblega-c-coff.a(xputtxt.XXo)
 __c30_signature
                  0x00022e          0x6 c:/program files (x86)/microchip/xc16/v1.26/bin/bin/../../lib\liblega-c-coff.a(xputfld.XXo)
 __c30_signature
                  0x000234          0x6 c:/program files (x86)/microchip/xc16/v1.26/bin/bin/../../lib\liblega-c-coff.a(xlitob.XXo)
 __c30_signature
                  0x00023a          0x6 c:/program files (x86)/microchip/xc16/v1.26/bin/bin/../../lib\liblega-c-coff.a(xldtob.XXo)
 __c30_signature
                  0x000240          0x6 c:/program files (x86)/microchip/xc16/v1.26/bin/bin/../../lib\liblega-c-coff.a(memchr.XXo)
 __c30_signature
                  0x000246          0x6 c:/program files (x86)/microchip/xc16/v1.26/bin/bin/../../lib\liblega-c-coff.a(xldunsca.XXo)
 __c30_signature
                  0x00024c          0x6 c:/program files (x86)/microchip/xc16/v1.26/bin/bin/../../lib\liblega-c-coff.a(xldscale.XXo)
 __c30_signature